Test MP+pow0l.w0+addra.h2h2 Allowed
States 3
1:X3=0x0; 1:X6=0x0;
1:X3=0x0; 1:X6=0x101;
1:X3=0x101; 1:X6=0x101;
No
Witnesses
Positive: 0 Negative: 3
Condition exists (1:X3=0x101 /\ 1:X6=0x0)
Observation MP+pow0l.w0+addra.h2h2 Never 0 3
Hash=734c431fc44f6fdcf8fe41344c75993e

