Test S+pow0l.w0+dataa.w0w0 Allowed
States 3
1:X4=0x0; [x]=0x1010101;
1:X4=0x0; [x]=0x2020202;
1:X4=0x1010101; [x]=0x1010101;
No
Witnesses
Positive: 0 Negative: 3
Condition exists ([x]=0x2020202 /\ 1:X4=0x1010101)
Observation S+pow0l.w0+dataa.w0w0 Never 0 3
Hash=d21bb4d9853e41613a9090e690d4c25a

