Test S+pow0l.w0+addra.w0h2 Allowed
States 3
1:X4=0x0; [x]=0x1010202;
1:X4=0x0; [x]=0x2020202;
1:X4=0x1010101; [x]=0x1010202;
No
Witnesses
Positive: 0 Negative: 3
Condition exists ([x]=0x2020202 /\ 1:X4=0x1010101)
Observation S+pow0l.w0+addra.w0h2 Never 0 3
Hash=752599dc35f113e7de198cd92f436088

