Test S+pow0l.w0+dataa.h2l.h2 Allowed
States 3
1:X4=0x0; [x]=0x1010202;
1:X4=0x0; [x]=0x2020202;
1:X4=0x101; [x]=0x1010202;
No
Witnesses
Positive: 0 Negative: 3
Condition exists ([x]=0x2020202 /\ 1:X4=0x101)
Observation S+pow0l.w0+dataa.h2l.h2 Never 0 3
Hash=1af5ce1fe6baefc044026123c63c66d4

