Test S+pow0l.w0+addra.h0h0 Allowed
States 3
1:X4=0x0; [x]=0x2020101;
1:X4=0x0; [x]=0x2020202;
1:X4=0x101; [x]=0x2020101;
No
Witnesses
Positive: 0 Negative: 3
Condition exists ([x]=0x2020202 /\ 1:X4=0x101)
Observation S+pow0l.w0+addra.h0h0 Never 0 3
Hash=515c8a454f2afbf7a22da006e123def7

