Test V31 Required
States 1
0:X3=2684354560;
Ok
Witnesses
Positive: 1 Negative: 0
Flag Scalable-Vector-Extensions-is-work-in-progress
Condition forall (0:X3=2684354560)
Observation V31 Always 1 0
Hash=8c2fa76386c9fbda4a6bbe9961e4dbed

