Test assign3 Required
States 1
0:main.0.al=1; 0:main.0.eq=1; 0:main.0.lt=1; 0:main.0.ne=1;
Ok
Witnesses
Positive: 1 Negative: 0
Condition forall (0:main.0.eq=1 /\ 0:main.0.ne=1 /\ 0:main.0.lt=1 /\ 0:main.0.al=1)
Observation assign3 Always 1 0
Hash=b4a97bf2ed1d16fd62bfcf1cf5094b93

