Test bitfields1 Required
States 1
0:main.0.b=1; 0:main.0.d=1; 0:main.0.e=1;
Ok
Witnesses
Positive: 1 Negative: 0
Condition forall (0:main.0.b=1 /\ 0:main.0.d=1 /\ 0:main.0.e=1)
Observation bitfields1 Always 1 0
Hash=1a72c176d916c3e9e660450951a23d15

