Test no Required
States 1

Ok
Witnesses
Positive: 1 Negative: 0
Condition forall (true)
Observation no Always 1 0
Hash=fabf88f59baa1eb07f283c19615b26c2

