Test MP+poq0l.q0+addra.q0a.w4 Allowed
States 3
1:X3=0x0; 1:X5=0x0;
1:X3=0x0; 1:X5=0x1010101;
1:X3=0x101010101010101; 1:X5=0x1010101;
No
Witnesses
Positive: 0 Negative: 3
Condition exists (1:X3=0x101010101010101 /\ 1:X5=0x0)
Observation MP+poq0l.q0+addra.q0a.w4 Never 0 3
Hash=901e18596dead8b6596836e42e8ceb42

