Test try-non-deterministic Required
States 2
0:main.0.x=1;
0:main.0.x=3;
Ok
Witnesses
Positive: 2 Negative: 0
Condition forall (true)
Observation try-non-deterministic Always 2 0
Hash=2da84543be5d1c634da0b52030193b23

