Test while-toofar Required
States 3
0:T0.0.s=0;
0:T0.0.s=1;
0:T0.0.s=3;
Loop Ok
Witnesses
Positive: 3 Negative: 0
Condition forall (true)
Observation while-toofar Always 3 0
Hash=c98af998cfb2205ef58ad672d8de3845

