Test MP+dmb.sytt+amo.ldaddal-polp Allowed
States 4
1:X4=0; 1:X6=0; [y]=1;  ~Fault(P1,y); ~Fault(P1,x);
1:X4=0; 1:X6=0; [y]=1; Fault(P1,x:green,TagCheck); ~Fault(P1,y);
1:X4=0; 1:X6=0; [y]=1; Fault(P1,x:green,TagCheck); Fault(P1,y:red,TagCheck);
1:X4=0; 1:X6=0; [y]=1; Fault(P1,y:red,TagCheck); ~Fault(P1,x);
Ok
Witnesses
Positive: 1 Negative: 3
Condition exists ([y]=1 /\ 1:X4=0 /\ 1:X6=0 /\ not (fault(P1,x) \/ fault(P1,y)))
Observation MP+dmb.sytt+amo.ldaddal-polp Sometimes 1 3
Hash=20f7f3bbc79aa4a2159fe9a7dad4ffc3

