Test MP+dmb.sypt+amo.ldaddal-polp Allowed
States 4
1:X0=0; 1:X5=0; [y]=1;  ~Fault(P1,y);
1:X0=0; 1:X5=0; [y]=1; Fault(P1,y:red,TagCheck);
1:X0=0; 1:X5=1; [y]=1;  ~Fault(P1,y);
1:X0=0; 1:X5=1; [y]=1; Fault(P1,y:red,TagCheck);
Ok
Witnesses
Positive: 1 Negative: 3
Condition exists ([y]=1 /\ 1:X0=0 /\ 1:X5=0 /\ not (fault(P1,y)))
Observation MP+dmb.sypt+amo.ldaddal-polp Sometimes 1 3
Hash=3333540f81c33584ec987a440fae58d9

