Test MP+dmb.sys Allowed
States 3
1:X0=0; 1:X2=0;
1:X0=0; 1:X2=1;
1:X0=1; 1:X2=1;
No
Witnesses
Positive: 0 Negative: 3
Condition exists (1:X0=1 /\ 1:X2=0)
Observation MP+dmb.sys Never 0 3
Hash=d910749c80b7919d013d8fdccb31aefa

