Test MP+dmb.sy+po Allowed
States 4
1:X0=0; 1:X2=0;
1:X0=0; 1:X2=1;
1:X0=1; 1:X2=0;
1:X0=1; 1:X2=1;
Ok
Witnesses
Positive: 1 Negative: 3
Condition exists (1:X0=1 /\ 1:X2=0)
Observation MP+dmb.sy+po Sometimes 1 3
Hash=0afc81b441d254b6ac54f152a740c600

