Test MP+po+addr Allowed
States 4
1:X0=0; 1:X4=0;
1:X0=0; 1:X4=1;
1:X0=1; 1:X4=0;
1:X0=1; 1:X4=1;
Ok
Witnesses
Positive: 1 Negative: 3
Condition exists (1:X0=1 /\ 1:X4=0)
Observation MP+po+addr Sometimes 1 3
Hash=f50a40c975e8ea58c6132797bad1c844

