Test MP Allowed
States 4
1:X0=0; 1:X2=0;
1:X0=0; 1:X2=1;
1:X0=1; 1:X2=0;
1:X0=1; 1:X2=1;
Ok
Witnesses
Positive: 1 Negative: 3
Condition exists (1:X0=1 /\ 1:X2=0)
Observation MP Sometimes 1 3
Hash=5a017e93dc4005149f270cbd05688a55

