Test R+dmb.sys Allowed
States 3
1:X2=0; [y]=1;
1:X2=1; [y]=1;
1:X2=1; [y]=2;
No
Witnesses
Positive: 0 Negative: 3
Condition exists ([y]=2 /\ 1:X2=0)
Observation R+dmb.sys Never 0 3
Hash=123ab657134eb6a6861320d4d242bb9e

