Test S+dmb.sy+po Allowed
States 4
1:X0=0; [x]=1;
1:X0=0; [x]=2;
1:X0=1; [x]=1;
1:X0=1; [x]=2;
Ok
Witnesses
Positive: 1 Negative: 3
Condition exists ([x]=2 /\ 1:X0=1)
Observation S+dmb.sy+po Sometimes 1 3
Hash=21ae7296699001d34b2264594d2e7a61

