Test S+po+ctrl Allowed
States 4
1:X0=0; [x]=1;
1:X0=0; [x]=2;
1:X0=1; [x]=1;
1:X0=1; [x]=2;
Ok
Witnesses
Positive: 1 Negative: 3
Condition exists ([x]=2 /\ 1:X0=1)
Observation S+po+ctrl Sometimes 1 3
Hash=c16ac9ed3385a34aec6e253059d2cd54

