Test S Allowed
States 4
1:X0=0; [x]=1;
1:X0=0; [x]=2;
1:X0=1; [x]=1;
1:X0=1; [x]=2;
Ok
Witnesses
Positive: 1 Negative: 3
Condition exists ([x]=2 /\ 1:X0=1)
Observation S Sometimes 1 3
Hash=cf1a34b34e90545757881b22677a6f91

