Test SB+dmb.sy+po Allowed
States 4
0:X3=0; 1:X3=0;
0:X3=0; 1:X3=1;
0:X3=1; 1:X3=0;
0:X3=1; 1:X3=1;
Ok
Witnesses
Positive: 1 Negative: 3
Condition exists (0:X3=0 /\ 1:X3=0)
Observation SB+dmb.sy+po Sometimes 1 3
Hash=f107150b81358998e5b7effdbc5b4e95

