Test SB+dmb.sys Allowed
States 3
0:X3=0; 1:X3=1;
0:X3=1; 1:X3=0;
0:X3=1; 1:X3=1;
No
Witnesses
Positive: 0 Negative: 3
Condition exists (0:X3=0 /\ 1:X3=0)
Observation SB+dmb.sys Never 0 3
Hash=05c540a1451ea5bed9297401d315e3d7

