Test LB+rel+LDADD:ZR-RsRt Allowed
States 3
0:X3=0; 1:X3=0;
0:X3=0; 1:X3=1;
0:X3=1; 1:X3=0;
No
Witnesses
Positive: 0 Negative: 3
Condition exists (0:X3=1 /\ 1:X3=1)
Observation LB+rel+LDADD:ZR-RsRt Never 0 3
Hash=6146a8e0fb16f307039fd029dcb9e688

