Test MP+rel+LDADD:ZR-RtRs Allowed
States 4
1:X3=0; 1:X7=0;
1:X3=0; 1:X7=1;
1:X3=1; 1:X7=0;
1:X3=1; 1:X7=1;
Ok
Witnesses
Positive: 1 Negative: 3
Condition exists (1:X3=1 /\ 1:X7=0)
Observation MP+rel+LDADD:ZR-RtRs Sometimes 1 3
Hash=aac674d75b89a20b84fbd5a72e82a96b

