Test RR+RR+amo.ldsetw0w0-pow0w0+amo.ldeorh0h0-rfih0w0-amo.staddw0w0-rfiw0h2-amo.ldclrh2h2-poh2w0 Allowed
States 8
0:X1=0x0; 0:X3=0x0; 1:X1=0x0; 1:X6=0x202; 1:X9=0x0; [y]=0x303;
0:X1=0x0; 0:X3=0x0; 1:X1=0x0; 1:X6=0x202; 1:X9=0x1010101; [y]=0x303;
0:X1=0x0; 0:X3=0x101; 1:X1=0x0; 1:X6=0x202; 1:X9=0x0; [y]=0x303;
0:X1=0x0; 0:X3=0x101; 1:X1=0x0; 1:X6=0x202; 1:X9=0x1010101; [y]=0x303;
0:X1=0x0; 0:X3=0x303; 1:X1=0x0; 1:X6=0x202; 1:X9=0x0; [y]=0x303;
0:X1=0x0; 0:X3=0x303; 1:X1=0x0; 1:X6=0x202; 1:X9=0x1010101; [y]=0x303;
0:X1=0x0; 0:X3=0x2020303; 1:X1=0x0; 1:X6=0x202; 1:X9=0x0; [y]=0x303;
0:X1=0x0; 0:X3=0x2020303; 1:X1=0x0; 1:X6=0x202; 1:X9=0x1010101; [y]=0x303;
Ok
Witnesses
Positive: 1 Negative: 7
Condition exists ([y]=0x303 /\ 0:X1=0x0 /\ 0:X3=0x0 /\ 1:X1=0x0 /\ 1:X6=0x202 /\ 1:X9=0x0)
Observation RR+RR+amo.ldsetw0w0-pow0w0+amo.ldeorh0h0-rfih0w0-amo.staddw0w0-rfiw0h2-amo.ldclrh2h2-poh2w0 Sometimes 1 7
Hash=d0d2bf744927e85d1950c15aa7ea9008

